---
source: tui/src/keymap_setup.rs
assertion_line: 1381
expression: "render_picker(params, 120)"
---

  Keymap
  All configurable shortcuts.
  115 actions, 1 customized, 5 unbound.

  [All]  Common  Customized (1)  Unbound (5)  App  Models  Composer  Editor  Vim  Navigation  Approval  Debug

  Type to search shortcuts
› Global         Open Transcript              ctrl-t
  Global         Open External Editor         ctrl-g
  Global         Copy                         ctrl-o
  Global         Clear Terminal               ctrl-l
  Global       - Toggle Vim Mode              unbound
  Global         Toggle Raw Output            alt-r
  Global       - Open Permissions Popup       unbound
  Chat           Interrupt Turn               esc

  left/right group · enter edit shortcut · * custom · - unbound · esc close
